// Jest Snapshot v1, https://goo.gl/fbAQLP

exports[`Travis CI Test renders correctly 1`] = `
<View>
  <Text
    accessible={true}
    allowFontScaling={true}
    disabled={false}
    ellipsizeMode="tail"
  >
    Test
  </Text>
</View>
`;
